
> trader-insights@0.1.0 build
> tsc && vite build

src/App.tsx(8,3): error TS6133: 'useNavigate' is declared but its value is never read.
src/components/auth/RegisterForm.tsx(6,29): error TS2304: Cannot find name 'useState'.
src/components/auth/RegisterForm.tsx(7,35): error TS2304: Cannot find name 'useState'.
src/components/auth/RegisterForm.tsx(8,49): error TS2304: Cannot find name 'useState'.
src/components/auth/RegisterForm.tsx(9,33): error TS2304: Cannot find name 'useState'.
src/components/auth/RegisterForm.tsx(10,29): error TS2304: Cannot find name 'useState'.
src/components/common/Table.tsx(58,19): error TS2322: Type 'string | number | boolean | ReactElement<any, string | JSXElementConstructor<any>> | Iterable<ReactNode> | T[keyof T] | null | undefined' is not assignable to type 'ReactNode'.
  Type 'T[keyof T]' is not assignable to type 'ReactNode'.
    Type 'T[string] | T[number] | T[symbol]' is not assignable to type 'ReactNode'.
      Type 'T[string]' is not assignable to type 'ReactNode'.
        Type 'T[string]' is not assignable to type 'ReactPortal'.
          Type 'T[keyof T]' is not assignable to type 'ReactPortal'.
            Type 'T[string] | T[number] | T[symbol]' is not assignable to type 'ReactPortal'.
              Type 'T[string]' is not assignable to type 'ReactPortal'.
src/components/common/Toast.tsx(17,3): error TS2304: Cannot find name 'useEffect'.
src/components/dashboard/DashboardCards.tsx(7,32): error TS6133: 'trades' is declared but its value is never read.
src/components/dashboard/DashboardConfig.tsx(4,1): error TS6133: 'DEFAULT_ENABLED_CARDS' is declared but its value is never read.
src/components/dashboard/PerformanceMetrics.tsx(69,11): error TS2741: Property '$$typeof' is missing in type 'IconDefinition' but required in type 'ForwardRefExoticComponent<Omit<LucideProps, "ref"> & RefAttributes<SVGSVGElement>>'.
src/components/dashboard/PnLChart.tsx(18,36): error TS6133: 'timeframe' is declared but its value is never read.
src/components/dashboard/RecentTradeRow.tsx(14,19): error TS2339: Property 'direction' does not exist on type 'Trade'.
src/components/dashboard/RecentTradeRow.tsx(19,18): error TS2339: Property 'direction' does not exist on type 'Trade'.
src/components/dashboard/RecentTradeRow.tsx(35,15): error TS18048: 'trade.pnl' is possibly 'undefined'.
src/components/dashboard/RecentTradeRow.tsx(38,29): error TS2345: Argument of type 'number | undefined' is not assignable to parameter of type 'number'.
  Type 'undefined' is not assignable to type 'number'.
src/components/dashboard/StatsCard.tsx(26,18): error TS6133: 'cards' is declared but its value is never read.
src/components/dashboard/TradeDistributionChart.tsx(12,3): error TS6133: 'timeframe' is declared but its value is never read.
src/components/dashboard/TradeStatistics.tsx(1,8): error TS6133: 'React' is declared but its value is never read.
src/components/dashboard/TradeStatistics.tsx(2,10): error TS6133: 'format' is declared but its value is never read.
src/components/dashboard/TradeStatistics.tsx(11,3): error TS6133: 'BarChart2' is declared but its value is never read.
src/components/dashboard/TradeStatistics.tsx(52,60): error TS18048: 'trade.pnl' is possibly 'undefined'.
src/components/dashboard/TradeStatistics.tsx(53,59): error TS18048: 'trade.pnl' is possibly 'undefined'.
src/components/dashboard/TradeStatistics.tsx(58,29): error TS2532: Object is possibly 'undefined'.
src/components/dashboard/TradeStatistics.tsx(58,30): error TS18048: 'trade.pnl' is possibly 'undefined'.
src/components/dashboard/TradeStatistics.tsx(63,31): error TS2532: Object is possibly 'undefined'.
src/components/dashboard/TradeStatistics.tsx(63,32): error TS18048: 'trade.pnl' is possibly 'undefined'.
src/components/dashboard/TradeStatistics.tsx(67,67): error TS18048: 'trade.pnl' is possibly 'undefined'.
src/components/dashboard/TradeStatistics.tsx(75,54): error TS18048: 'trade.pnl' is possibly 'undefined'.
src/components/dashboard/TradeStatistics.tsx(80,62): error TS18048: 'trade.pnl' is possibly 'undefined'.
src/components/dashboard/TradeStatistics.tsx(113,9): error TS2322: Type '{ title: string; value: string; icon: ForwardRefExoticComponent<Omit<LucideProps, "ref"> & RefAttributes<SVGSVGElement>>; trend: string; isLoading: boolean | undefined; tooltip: string; hoverContent: Element; }' is not assignable to type 'IntrinsicAttributes & StatsCardProps'.
  Property 'isLoading' does not exist on type 'IntrinsicAttributes & StatsCardProps'.
src/components/dashboard/TradeStatistics.tsx(144,9): error TS2322: Type '{ title: string; value: string; icon: ForwardRefExoticComponent<Omit<LucideProps, "ref"> & RefAttributes<SVGSVGElement>>; trend: string; isLoading: boolean | undefined; tooltip: string; hoverContent: Element; }' is not assignable to type 'IntrinsicAttributes & StatsCardProps'.
  Property 'isLoading' does not exist on type 'IntrinsicAttributes & StatsCardProps'.
src/components/dashboard/TradeStatistics.tsx(177,9): error TS2322: Type '{ title: string; value: string; icon: ForwardRefExoticComponent<Omit<LucideProps, "ref"> & RefAttributes<SVGSVGElement>>; trend: string; isLoading: boolean | undefined; tooltip: string; hoverContent: Element; }' is not assignable to type 'IntrinsicAttributes & StatsCardProps'.
  Property 'isLoading' does not exist on type 'IntrinsicAttributes & StatsCardProps'.
src/components/dashboard/TradeStatistics.tsx(198,9): error TS2322: Type '{ title: string; value: string; icon: ForwardRefExoticComponent<Omit<LucideProps, "ref"> & RefAttributes<SVGSVGElement>>; trend: string; isLoading: boolean | undefined; tooltip: string; hoverContent: Element; }' is not assignable to type 'IntrinsicAttributes & StatsCardProps'.
  Property 'isLoading' does not exist on type 'IntrinsicAttributes & StatsCardProps'.
src/components/dashboard/TradeStatistics.tsx(219,9): error TS2322: Type '{ title: string; value: string; icon: ForwardRefExoticComponent<Omit<LucideProps, "ref"> & RefAttributes<SVGSVGElement>>; trend: string; isLoading: boolean | undefined; tooltip: string; hoverContent: Element; }' is not assignable to type 'IntrinsicAttributes & StatsCardProps'.
  Property 'isLoading' does not exist on type 'IntrinsicAttributes & StatsCardProps'.
src/components/dashboard/TradeStatistics.tsx(239,9): error TS2322: Type '{ title: string; value: string; icon: ForwardRefExoticComponent<Omit<LucideProps, "ref"> & RefAttributes<SVGSVGElement>>; isLoading: boolean | undefined; tooltip: string; hoverContent: Element; }' is not assignable to type 'IntrinsicAttributes & StatsCardProps'.
  Property 'isLoading' does not exist on type 'IntrinsicAttributes & StatsCardProps'.
src/components/dashboard/WinRateChart.tsx(17,40): error TS6133: 'timeframe' is declared but its value is never read.
src/components/ErrorFallbacks.tsx(1,1): error TS6133: 'AlertTriangle' is declared but its value is never read.
src/components/Example.tsx(7,9): error TS6133: 'updateTheme' is declared but its value is never read.
src/components/index.ts(5,31): error TS2307: Cannot find module './dashboard/DashboardGrid' or its corresponding type declarations.
src/components/journal/TradeAnalytics.tsx(19,3): error TS6133: 'timeframe' is declared but its value is never read.
src/components/journal/TradeEntry.tsx(16,39): error TS2304: Cannot find name 'useState'.
src/components/journal/TradeEntry.tsx(17,29): error TS2304: Cannot find name 'useState'.
src/components/journal/TradeErrorBoundary.tsx(14,41): error TS2304: Cannot find name 'Component'.
src/components/journal/TradeErrorBoundary.tsx(17,10): error TS2339: Property 'state' does not exist on type 'TradeErrorBoundary'.
src/components/journal/TradeErrorBoundary.tsx(24,46): error TS2304: Cannot find name 'ErrorInfo'.
src/components/journal/TradeErrorBoundary.tsx(29,10): error TS2339: Property 'setState' does not exist on type 'TradeErrorBoundary'.
src/components/journal/TradeErrorBoundary.tsx(31,16): error TS2339: Property 'props' does not exist on type 'TradeErrorBoundary'.
src/components/journal/TradeErrorBoundary.tsx(32,20): error TS2339: Property 'props' does not exist on type 'TradeErrorBoundary'.
src/components/journal/TradeErrorBoundary.tsx(34,12): error TS2339: Property 'setState' does not exist on type 'TradeErrorBoundary'.
src/components/journal/TradeErrorBoundary.tsx(36,12): error TS2339: Property 'setState' does not exist on type 'TradeErrorBoundary'.
src/components/journal/TradeErrorBoundary.tsx(40,12): error TS2339: Property 'setState' does not exist on type 'TradeErrorBoundary'.
src/components/journal/TradeErrorBoundary.tsx(45,14): error TS2339: Property 'state' does not exist on type 'TradeErrorBoundary'.
src/components/journal/TradeErrorBoundary.tsx(57,30): error TS2339: Property 'state' does not exist on type 'TradeErrorBoundary'.
src/components/journal/TradeErrorBoundary.tsx(64,24): error TS2339: Property 'state' does not exist on type 'TradeErrorBoundary'.
src/components/journal/TradeErrorBoundary.tsx(74,17): error TS2339: Property 'props' does not exist on type 'TradeErrorBoundary'.
src/components/journal/TradeListItem.tsx(106,18): error TS2339: Property 'setup_type' does not exist on type 'Trade'.
src/components/journal/TradeListItem.tsx(107,61): error TS2339: Property 'setup_type' does not exist on type 'Trade'.
src/components/journal/TradeRow.tsx(41,21): error TS2339: Property 'direction' does not exist on type 'Trade'.
src/components/journal/TradeRow.tsx(46,20): error TS2339: Property 'direction' does not exist on type 'Trade'.
src/components/journal/TradeRow.tsx(69,17): error TS18048: 'trade.pnl' is possibly 'undefined'.
src/components/journal/TradeRow.tsx(72,31): error TS2345: Argument of type 'number | undefined' is not assignable to parameter of type 'number'.
  Type 'undefined' is not assignable to type 'number'.
src/components/layout/Layout.tsx(5,1): error TS6133: 'Sidebar' is declared but its value is never read.
src/components/layout/Layout.tsx(9,10): error TS6133: 'isSidebarOpen' is declared but its value is never read.
src/components/layout/Layout.tsx(9,25): error TS6133: 'setIsSidebarOpen' is declared but its value is never read.
src/components/layout/Sidebar.tsx(11,27): error TS6133: 'isOpen' is declared but its value is never read.
src/components/layout/Sidebar.tsx(27,18): error TS2322: Type '{ isCollapsed: boolean; }' is not assignable to type 'IntrinsicAttributes & MainNavProps'.
  Property 'isCollapsed' does not exist on type 'IntrinsicAttributes & MainNavProps'.
src/components/monitoring/ErrorMonitoring.tsx(37,10): error TS6133: 'isLoading' is declared but its value is never read.
src/components/monitoring/ErrorMonitoring.tsx(47,25): error TS2345: Argument of type 'ErrorLog[]' is not assignable to parameter of type 'SetStateAction<ErrorLog[]>'.
  Type 'ErrorLog[]' is not assignable to type 'ErrorLog[]'. Two different types with this name exist, but they are unrelated.
    Type 'ErrorLog' is not assignable to type 'ErrorLog'. Two different types with this name exist, but they are unrelated.
      Types of property 'component_name' are incompatible.
        Type 'string | undefined' is not assignable to type 'string'.
          Type 'undefined' is not assignable to type 'string'.
src/components/navigation/MainNav.tsx(11,3): error TS6133: 'BarChart2' is declared but its value is never read.
src/components/navigation/MainNav.tsx(23,1): error TS6133: 'cn' is declared but its value is never read.
src/components/navigation/MainNav.tsx(93,10): error TS6133: 'isUserMenuOpen' is declared but its value is never read.
src/components/navigation/NavigationErrorBoundary.tsx(1,1): error TS6192: All imports in import declaration are unused.
src/components/navigation/NavigationErrorBoundary.tsx(13,46): error TS2686: 'React' refers to a UMD global, but the current file is a module. Consider adding an import instead.
src/components/portfolio/AdvancedCharts.tsx(6,3): error TS6133: 'BarChart' is declared but its value is never read.
src/components/portfolio/AdvancedCharts.tsx(14,3): error TS6133: 'Scatter' is declared but its value is never read.
src/components/portfolio/AdvancedCharts.tsx(16,1): error TS6192: All imports in import declaration are unused.
src/components/portfolio/AdvancedCharts.tsx(35,3): error TS6133: 'timeframe' is declared but its value is never read.
src/components/portfolio/AdvancedCharts.tsx(37,47): error TS2304: Cannot find name 'useState'.
src/components/portfolio/AdvancedCharts.tsx(221,13): error TS2322: Type 'Element | undefined' is not assignable to type 'ReactElement<any, string | JSXElementConstructor<any>>'.
  Type 'undefined' is not assignable to type 'ReactElement<any, string | JSXElementConstructor<any>>'.
src/components/portfolio/AllocationBreakdown.tsx(4,15): error TS6133: 'PieIcon' is declared but its value is never read.
src/components/portfolio/AllocationBreakdown.tsx(115,60): error TS6133: 'risk' is declared but its value is never read.
src/components/portfolio/PortfolioForm.tsx(29,65): error TS2345: Argument of type '{ name: string; description: string; type: PortfolioType; currency: PortfolioCurrency; is_public: boolean; }' is not assignable to parameter of type 'CreatePortfolioData | (() => CreatePortfolioData)'.
  Property 'initial_balance' is missing in type '{ name: string; description: string; type: PortfolioType; currency: PortfolioCurrency; is_public: boolean; }' but required in type 'CreatePortfolioData'.
src/components/portfolio/TradeHistory.tsx(2,23): error TS6133: 'Filter' is declared but its value is never read.
src/components/portfolio/TradeHistory.tsx(14,31): error TS2304: Cannot find name 'useState'.
src/components/portfolio/TradeHistory.tsx(15,37): error TS2304: Cannot find name 'useState'.
src/components/portfolio/TradeHistory.tsx(16,37): error TS2304: Cannot find name 'useState'.
src/components/portfolio/TradeHistory.tsx(17,39): error TS2304: Cannot find name 'useState'.
src/components/screener/FilterBuilder.tsx(36,47): error TS2304: Cannot find name 'useState'.
src/components/screener/FilterBuilder.tsx(37,35): error TS2304: Cannot find name 'useState'.
src/components/screener/FilterBuilder.tsx(38,29): error TS2304: Cannot find name 'useState'.
src/components/screener/ScreenerFilters.tsx(10,45): error TS2304: Cannot find name 'useState'.
src/components/screener/ScreenerFilters.tsx(22,31): error TS7006: Parameter 'filter' implicitly has an 'any' type.
src/components/screener/ScreenerFilters.tsx(22,39): error TS7006: Parameter 'index' implicitly has an 'any' type.
src/components/StockChart.tsx(8,3): error TS6133: 'ReferenceLine' is declared but its value is never read.
src/components/StockChart.tsx(162,9): error TS2322: Type 'Element | null' is not assignable to type 'ReactElement<any, string | JSXElementConstructor<any>>'.
  Type 'null' is not assignable to type 'ReactElement<any, string | JSXElementConstructor<any>>'.
src/components/trades/AddTradeModal.tsx(59,30): error TS2322: Type '{ onSuccess: () => void; }' is not assignable to type 'IntrinsicAttributes & ImportTradeFormProps'.
  Property 'onSuccess' does not exist on type 'IntrinsicAttributes & ImportTradeFormProps'.
src/components/trades/ImportTradeForm.tsx(3,10): error TS6133: 'FileSpreadsheet' is declared but its value is never read.
src/components/trades/ImportTradeForm.tsx(3,35): error TS6133: 'AlertCircle' is declared but its value is never read.
src/components/trades/ImportTradeForm.tsx(7,1): error TS6133: 'supabase' is declared but its value is never read.
src/components/trades/ImportTradeForm.tsx(8,1): error TS6133: 'Progress' is declared but its value is never read.
src/components/trades/ImportTradeForm.tsx(9,1): error TS6133: 'cn' is declared but its value is never read.
src/components/trades/ImportTradeForm.tsx(18,9): error TS6133: 'user' is declared but its value is never read.
src/components/trades/ImportTradeForm.tsx(43,26): error TS2345: Argument of type 'Partial<Trade>[]' is not assignable to parameter of type 'Trade[]'.
  Type 'Partial<Trade>' is not assignable to type 'Trade'.
    Types of property 'id' are incompatible.
      Type 'string | undefined' is not assignable to type 'string'.
        Type 'undefined' is not assignable to type 'string'.
src/components/trades/ManualTradeForm.tsx(42,9): error TS6133: 'user' is declared but its value is never read.
src/components/ui/form-field.tsx(29,10): error TS2322: Type '{ children: Element[]; accept?: string | undefined; alt?: string | undefined; autoComplete?: HTMLInputAutoCompleteAttribute | undefined; ... 287 more ...; onTransitionEndCapture?: TransitionEventHandler<...> | undefined; }' is not assignable to type 'SelectProps'.
  Types of property 'value' are incompatible.
    Type 'string | number | readonly string[] | undefined' is not assignable to type 'string | undefined'.
      Type 'number' is not assignable to type 'string'.
src/components/ui/FormSelect.tsx(5,3): error TS6133: 'SelectItem' is declared but its value is never read.
src/components/ui/FormSelect.tsx(33,10): error TS6133: 'props' is declared but its value is never read.
src/components/ui/theme-toggle.tsx(12,11): error TS6133: 'theme' is declared but its value is never read.
src/components/watchlist/AddSymbolModal.tsx(4,1): error TS6133: 'Button' is declared but its value is never read.
src/components/watchlist/AddSymbolModal.tsx(5,1): error TS6133: 'Input' is declared but its value is never read.
src/components/watchlist/AddSymbolModal.tsx(6,1): error TS6192: All imports in import declaration are unused.
src/components/watchlist/AddSymbolModal.tsx(12,1): error TS6133: 'WatchlistSymbol' is declared but its value is never read.
src/components/watchlist/ColumnManager.tsx(2,1): error TS6133: 'clsx' is declared but its value is never read.
src/components/watchlist/ColumnManager.tsx(26,9): error TS6133: 'moveColumn' is declared but its value is never read.
src/components/watchlist/ColumnManager.tsx(55,37): error TS6133: 'index' is declared but its value is never read.
src/components/watchlist/DraggableHeader.tsx(10,43): error TS6133: 'index' is declared but its value is never read.
src/config/dashboardCards.ts(92,9): error TS2353: Object literal may only specify known properties, and 'isDefault' does not exist in type 'DashboardLayout'.
src/hooks/useToast.tsx(2,38): error TS6133: 'ReactNode' is declared but its value is never read.
src/hooks/useToast.tsx(14,18): error TS6133: 'setToasts' is declared but its value is never read.
src/hooks/useTrades.ts(7,3): error TS2741: Property 'entry_date' is missing in type '{ id: string; user_id: string; date: string; time: string; symbol: string; type: "stock"; side: "Long"; quantity: number; price: number; total: number; entry_price: number; exit_price: number; pnl: number; status: "closed"; notes: string; created_at: string; updated_at: string; }' but required in type 'Trade'.
src/hooks/useTrades.ts(26,3): error TS2741: Property 'entry_date' is missing in type '{ id: string; user_id: string; date: string; time: string; symbol: string; type: "stock"; side: "Long"; quantity: number; price: number; total: number; entry_price: number; exit_price: number; pnl: number; status: "closed"; notes: string; created_at: string; updated_at: string; }' but required in type 'Trade'.
src/lib/services/errorTracking.ts(22,17): error TS6133: 'logToDatabase' is declared but its value is never read.
src/lib/services/journalService.ts(2,1): error TS6133: 'calculateTransactionStatus' is declared but its value is never read.
src/lib/services/polygonApi.ts(1,1): error TS6133: 'axios' is declared but its value is never read.
src/lib/services/polygonApi.ts(16,46): error TS6133: 'set' is declared but its value is never read.
src/lib/services/polygonApi.ts(49,15): error TS2339: Property 'subscribe' does not exist on type '() => websocket.w3cwebsocket'.
src/lib/services/polygonApi.ts(50,8): error TS2339: Property 'on' does not exist on type 'IWebsocketClient'.
src/lib/services/polygonApi.ts(50,17): error TS7006: Parameter 'trade' implicitly has an 'any' type.
src/lib/services/polygonApi.ts(51,28): error TS2339: Property 'unsubscribe' does not exist on type '() => websocket.w3cwebsocket'.
src/lib/services/polygonApi.ts(89,42): error TS2339: Property 'snapshots' does not exist on type 'IStocksClient'.
src/lib/services/profileService.ts(9,11): error TS6196: 'ProfileUpdate' is declared but never used.
src/lib/services/profileService.ts(58,9): error TS2739: Type '{ id: string; email: string; first_name: string; last_name: string; created_at: string; }' is missing the following properties from type 'Profile': username, username_changes_remaining, last_username_change, date_of_birth, role
src/lib/services/profileService.ts(92,48): error TS6133: 'paymentMethodId' is declared but its value is never read.
src/lib/services/profileService.ts(96,15): error TS6133: 'data' is declared but its value is never read.
src/server/index.ts(37,5): error TS6133: 'req' is declared but its value is never read.
src/server/index.ts(39,5): error TS6133: 'next' is declared but its value is never read.
src/server/routes/auth.ts(1,18): error TS6133: 'Request' is declared but its value is never read.
src/server/routes/auth.ts(1,27): error TS6133: 'Response' is declared but its value is never read.
src/services/alphaVantage.ts(117,7): error TS2353: Object literal may only specify known properties, and 'companyName' does not exist in type 'StockQuote'.
src/services/auth.ts(236,5): error TS6133: 'userId' is declared but its value is never read.
src/stores/journalStore.ts(21,59): error TS6133: 'get' is declared but its value is never read.
src/stores/watchlistStore.ts(4,27): error TS6196: 'WatchlistSymbol' is declared but never used.
src/utils/fileProcessing.ts(4,30): error TS6196: 'Worksheet' is declared but never used.
src/utils/fileProcessing.ts(5,28): error TS6196: 'ParseConfig' is declared but never used.
src/utils/formatters.ts(1,1): error TS6133: 'format' is declared but its value is never read.
src/utils/mockData.ts(1,39): error TS6133: 'symbol' is declared but its value is never read.
src/utils/permissions.ts(4,3): error TS2353: Object literal may only specify known properties, and 'developer' does not exist in type 'Record<UserRole, UserPermissions>'.
src/utils/tradeAnalytics.ts(1,31): error TS6133: 'PortfolioMetrics' is declared but its value is never read.
src/utils/transactions.ts(6,35): error TS2339: Property 'orders' does not exist on type 'Transaction'.
src/utils/transactions.ts(6,50): error TS2304: Cannot find name 'order'.
src/utils/transactions.ts(42,5): error TS2353: Object literal may only specify known properties, and 'avgEntryPrice' does not exist in type 'Transaction'.
src/views/admin/SecurityMonitoring.tsx(1,1): error TS6133: 'React' is declared but its value is never read.
src/views/analysis/Performance.tsx(79,9): error TS6133: 'portfolioTrades' is declared but its value is never read.
src/views/auth/RequestPasswordReset.tsx(8,1): error TS6133: 'useAuthStore' is declared but its value is never read.
src/views/auth/ResetPassword.tsx(8,1): error TS6133: 'useAuthStore' is declared but its value is never read.
src/views/auth/ResetPassword.tsx(17,10): error TS6133: 'searchParams' is declared but its value is never read.
src/views/Dashboard.tsx(1,1): error TS6133: 'Trade' is declared but its value is never read.
src/views/Dashboard.tsx(2,1): error TS6133: 'PageHeader' is declared but its value is never read.
src/views/Dashboard.tsx(10,11): error TS6196: 'DashboardError' is declared but never used.
src/views/Dashboard.tsx(25,17): error TS2554: Expected 0 arguments, but got 1.
src/views/Dashboard.tsx(68,15): error TS2322: Type '{ trades: Trade[]; layouts: Layout[]; }' is not assignable to type 'IntrinsicAttributes & DashboardCardsProps'.
  Property 'layouts' does not exist on type 'IntrinsicAttributes & DashboardCardsProps'.
src/views/Performance.tsx(21,61): error TS2554: Expected 0 arguments, but got 1.
src/views/Performance.tsx(21,70): error TS2339: Property 'user' does not exist on type 'SupabaseClient<any, "public", any>'.
src/views/Performance.tsx(88,13): error TS2322: Type '{ value: TimeframeOption; onChange: (newTimeframe: TimeframeOption) => void; className: string; children: undefined; }' is not assignable to type 'IntrinsicAttributes & TimeframeSelectorProps'.
  Property 'onChange' does not exist on type 'IntrinsicAttributes & TimeframeSelectorProps'.
src/views/Screener.tsx(7,9): error TS6133: 'theme' is declared but its value is never read.
src/views/settings/BillingSettings.tsx(11,37): error TS2304: Cannot find name 'useState'.
src/views/settings/BillingSettings.tsx(52,10): error TS6133: 'currentPassword' is declared but its value is never read.
src/views/settings/BillingSettings.tsx(52,27): error TS6133: 'setCurrentPassword' is declared but its value is never read.
src/views/settings/BillingSettings.tsx(52,49): error TS2304: Cannot find name 'useState'.
src/views/settings/BillingSettings.tsx(53,37): error TS2304: Cannot find name 'useState'.
src/views/settings/SecuritySettings.tsx(2,1): error TS6133: 'useAuthStore' is declared but its value is never read.
src/views/Stocks.tsx(8,10): error TS2724: '"@/utils/marketHours"' has no exported member named 'getCurrentMarketSession'. Did you mean 'getCurrentSession'?
src/views/Stocks.tsx(11,1): error TS6133: 'useTheme' is declared but its value is never read.
src/views/Stocks.tsx(18,21): error TS6133: 'setChartType' is declared but its value is never read.
src/views/TradeDetails.tsx(10,11): error TS2339: Property 'trade' does not exist on type 'DefinedQueryObserverResult<Trade, Error> | QueryObserverLoadingErrorResult<Trade, Error> | QueryObserverPendingResult<...> | QueryObserverPlaceholderResult<...>'.
src/views/TradeDetails.tsx(10,11): error TS2339: Property 'trade' does not exist on type 'UseQueryResult<Trade, Error>'.
src/views/TradeDetails.tsx(19,45): error TS2304: Cannot find name 'formatDate'.
src/views/TradingJournal/index.tsx(104,9): error TS6133: 'handleTradeAdded' is declared but its value is never read.
src/views/TransactionDetail.tsx(21,1): error TS6133: 'Button' is declared but its value is never read.
src/views/TransactionDetail.tsx(23,1): error TS6133: 'toast' is declared but its value is never read.
src/views/TransactionDetail.tsx(28,9): error TS6133: 'user' is declared but its value is never read.
src/views/TransactionDetail.tsx(290,9): error TS2322: Type '{ isOpen: boolean; onClose: () => void; onSuccess: () => void; }' is not assignable to type 'IntrinsicAttributes & TransactionModalProps'.
  Property 'onSuccess' does not exist on type 'IntrinsicAttributes & TransactionModalProps'.
